venv\Scripts\python : 
Traceback (most recent call 
last):
At line:1 char:1
+ venv\Scripts\python -c 
"from app.main import app" 
2> error_log.txt
+ ~~~~~~~~~~~~~~~~~~~~~~~~~~
~~~~~~~~~~~~~~~~~~~~~~~~~~~~
~~~~~~~~~~~~
    + CategoryInfo          
    : NotSpecified: (Trace  
  back (most recent call    
 last)::String) [], Remo    
teException
    + FullyQualifiedErrorId 
    : NativeCommandError
 
  File "<string>", line 1, 
in <module>
  File "C:\Users\geoal\Docum
ents\PersonalProjects\layer-
flow\backend\app\main.py", 
line 6, in <module>
    from app.core.config 
import get_settings
  File "C:\Users\geoal\Docum
ents\PersonalProjects\layer-
flow\backend\app\core\config
.py", line 5, in <module>
    class 
Settings(BaseSettings):
  File "C:\Users\geoal\Docum
ents\PersonalProjects\layer-
flow\backend\venv\Lib\site-p
ackages\pydantic\_internal\_
model_construction.py", 
line 132, in __new__
    private_attributes = 
inspect_namespace(
                         
^^^^^^^^^^^^^^^^^^
  File "C:\Users\geoal\Docum
ents\PersonalProjects\layer-
flow\backend\venv\Lib\site-p
ackages\pydantic\_internal\_
model_construction.py", 
line 481, in 
inspect_namespace
    raise PydanticUserError(
pydantic.errors.PydanticUser
Error: A non-annotated 
attribute was detected: `os 
= <module 'os' (frozen)>`. 
All model fields require a 
type annotation; if `os` is 
not meant to be a field, 
you may be able to resolve 
this error by annotating it 
as a `ClassVar` or updating 
`model_config['ignored_types
']`.

For further information 
visit https://errors.pydanti
c.dev/2.12/u/model-field-mis
sing-annotation
